
Memory Configuration

Name             Origin             Length             Attributes
flash            0x08000000         0x00020000         xr
sram             0x20000000         0x00005000         xrw
*default*        0x00000000         0xffffffff

Linker script and memory map


.text           0x08000000      0x103
 *(.vectors*)
 *(.text*)
 .text          0x08000000       0x7c main.o
                0x08000000                main
 .text          0x0800007c       0x84 startup.o
                0x0800007c                Reset_Handler
 *(.rodata)
 .rodata        0x08000100        0x3 main.o
                0x08000100                const_variables
                0x08000103                _E_text = .

.glue_7         0x08000104        0x0
 .glue_7        0x00000000        0x0 linker stubs

.glue_7t        0x08000104        0x0
 .glue_7t       0x00000000        0x0 linker stubs

.vfp11_veneer   0x08000104        0x0
 .vfp11_veneer  0x00000000        0x0 linker stubs

.v4_bx          0x08000104        0x0
 .v4_bx         0x00000000        0x0 linker stubs

.iplt           0x08000104        0x0
 .iplt          0x00000000        0x0 main.o

.rel.dyn        0x08000104        0x0
 .rel.iplt      0x00000000        0x0 main.o

.data           0x20000000        0x7 load address 0x08000104
                0x20000000                _S_data = .
 *(.data)
 .data          0x20000000        0x7 main.o
                0x20000000                R_ODR
                0x20000004                g_variables
 .data          0x20000007        0x0 startup.o
                0x20000007                _E_data = .

.igot.plt       0x20000008        0x0 load address 0x0800010c
 .igot.plt      0x00000000        0x0 main.o

.bss            0x20000007     0x1001 load address 0x0800010b
                0x20000007                _S_bss = .
 *(.bss*)
 .bss           0x20000007        0x0 main.o
 .bss           0x20000007        0x0 startup.o
                0x20000008                . = ALIGN (0x4)
 *fill*         0x20000007        0x1 
                0x20000008                _E_bss = .
                0x20000008                . = ALIGN (0x4)
                0x20001008                . = (. + 0x1000)
 *fill*         0x20000008     0x1000 
                0x20001008                _stack_top = .
LOAD main.o
LOAD startup.o
OUTPUT(learn-in-depth_cortexM3.elf elf32-littlearm)

.debug_info     0x00000000      0x2d3
 .debug_info    0x00000000      0x19d main.o
 .debug_info    0x0000019d      0x136 startup.o

.debug_abbrev   0x00000000      0x187
 .debug_abbrev  0x00000000       0xf7 main.o
 .debug_abbrev  0x000000f7       0x90 startup.o

.debug_loc      0x00000000       0x88
 .debug_loc     0x00000000       0x38 main.o
 .debug_loc     0x00000038       0x50 startup.o

.debug_aranges  0x00000000       0x40
 .debug_aranges
                0x00000000       0x20 main.o
 .debug_aranges
                0x00000020       0x20 startup.o

.debug_line     0x00000000      0x251
 .debug_line    0x00000000      0x1ed main.o
 .debug_line    0x000001ed       0x64 startup.o

.debug_str      0x00000000      0x1ca
 .debug_str     0x00000000      0x16d main.o
                                0x1aa (size before relaxing)
 .debug_str     0x0000016d       0x5d startup.o
                                0x19a (size before relaxing)

.comment        0x00000000       0x7b
 .comment       0x00000000       0x7b main.o
                                 0x7c (size before relaxing)
 .comment       0x00000000       0x7c startup.o

.ARM.attributes
                0x00000000       0x33
 .ARM.attributes
                0x00000000       0x33 main.o
 .ARM.attributes
                0x00000033       0x33 startup.o

.debug_frame    0x00000000       0x60
 .debug_frame   0x00000000       0x2c main.o
 .debug_frame   0x0000002c       0x34 startup.o
